--- Startup times for process: Primary (or UI client) ---

times in msec
 clock   self+sourced   self:  sourced script
 clock   elapsed:              other lines

000.001  000.001: --- NVIM STARTING ---
000.091  000.090: event init
000.144  000.053: early init
000.176  000.032: locale set
000.199  000.023: init first window
000.436  000.237: inits 1
000.443  000.007: window checked
000.445  000.002: parsing arguments
000.784  000.032  000.032: require('vim._core.shared')
000.834  000.003  000.003: require('string.buffer')
000.853  000.033  000.030: require('vim.inspect')
000.889  000.030  000.030: require('vim._core.options')
000.891  000.104  000.041: require('vim._core.editor')
000.917  000.025  000.025: require('vim._core.system')
000.918  000.183  000.022: require('vim._init_packages')
000.919  000.292: init lua interpreter
001.502  000.583: nvim_ui_attach
001.724  000.221: nvim_set_client_info
001.725  000.001: --- NVIM STARTED ---

--- Startup times for process: Embedded ---

times in msec
 clock   self+sourced   self:  sourced script
 clock   elapsed:              other lines

000.001  000.001: --- NVIM STARTING ---
000.097  000.097: event init
000.166  000.068: early init
000.200  000.035: locale set
000.228  000.028: init first window
000.501  000.272: inits 1
000.509  000.008: window checked
000.511  000.002: parsing arguments
000.871  000.033  000.033: require('vim._core.shared')
000.931  000.003  000.003: require('string.buffer')
000.950  000.036  000.033: require('vim.inspect')
000.991  000.033  000.033: require('vim._core.options')
000.993  000.120  000.051: require('vim._core.editor')
001.018  000.025  000.025: require('vim._core.system')
001.020  000.200  000.022: require('vim._init_packages')
001.021  000.311: init lua interpreter
001.101  000.080: expanding arguments
001.118  000.017: inits 2
001.361  000.243: init highlight
001.364  000.003: waiting for UI
001.487  000.123: done waiting for UI
001.495  000.008: clear screen
001.616  000.012  000.012: require('vim.keymap')
002.236  000.129  000.129: sourcing nvim_exec2()
002.276  000.006  000.006: require('vim._core.log')
003.540  002.041  001.894: require('vim._core.defaults')
003.543  000.007: init default mappings & autocommands
003.901  000.060  000.060: sourcing /snap/nvim/4795/usr/share/nvim/runtime/ftplugin.vim
003.944  000.018  000.018: sourcing /snap/nvim/4795/usr/share/nvim/runtime/indent.vim
004.627  000.020  000.020: require('vim.fs')
004.735  000.102  000.102: require('vim.uri')
004.760  000.167  000.045: require('vim.loader')
005.212  000.006  000.006: require('vim.F')
005.267  000.396  000.390: require('vim.diagnostic')
005.641  000.129  000.129: require('vim._async')
005.654  000.327  000.198: require('vim.pack')
005.882  000.088  000.088: require('vim.version')
006.591  000.045  000.045: require('guess-indent.utils')
006.639  000.041  000.041: require('guess-indent.config')
006.641  000.385  000.300: require('guess-indent')
007.159  000.091  000.091: require('gitsigns')
007.313  000.055  000.055: require('gitsigns.util')
007.319  000.141  000.086: require('gitsigns.config')
007.606  000.064  000.064: require('gitsigns.debug.log')
007.890  000.544  000.481: require('gitsigns.highlight')
007.953  000.047  000.047: require('gitsigns.debounce')
008.439  000.279  000.279: require('which-key')
008.519  000.075  000.075: require('which-key.config')
009.094  000.042  000.042: require('tokyonight.config')
009.098  000.131  000.089: require('tokyonight')
009.367  000.039  000.039: require('tokyonight.theme')
009.531  000.061  000.061: require('tokyonight.util')
009.533  000.102  000.042: require('tokyonight.colors')
009.757  000.131  000.131: require('tokyonight.colors.storm')
010.062  000.158  000.158: require('tokyonight.hsluv')
010.431  000.090  000.090: require('tokyonight.groups')
012.087  002.814  002.294: sourcing /home/nurtrantpoem19/.local/share/nvim/site/pack/core/opt/tokyonight.nvim/colors/tokyonight-night.lua
012.592  000.029  000.029: require('todo-comments.util')
012.598  000.086  000.058: require('todo-comments.config')
012.678  000.056  000.056: require('todo-comments.highlight')
012.680  000.081  000.026: require('todo-comments.jump')
012.682  000.238  000.071: require('todo-comments')
013.042  000.177  000.177: require('mini.ai')
013.366  000.143  000.143: require('mini.surround')
015.438  000.077  000.077: require('mini.statusline')
016.331  000.038  000.038: require('telescope._extensions')
016.334  000.250  000.212: require('telescope')
016.381  000.046  000.046: require('telescope.themes')
016.701  000.027  000.027: require('plenary.bit')
016.735  000.032  000.032: require('plenary.functional')
016.748  000.008  000.008: require('ffi')
016.765  000.144  000.078: require('plenary.path')
016.774  000.326  000.182: require('plenary.strings')
016.968  000.077  000.077: require('plenary.log')
016.979  000.144  000.067: require('telescope.log')
017.083  000.021  000.021: require('plenary.compat')
017.088  000.059  000.037: require('plenary.job')
017.116  000.027  000.027: require('telescope.state')
017.125  000.144  000.059: require('telescope.utils')
017.128  000.353  000.064: require('telescope.sorters')
018.273  001.887  001.209: require('telescope.config')
019.162  000.117  000.117: require('fzf_lib')
019.182  000.198  000.080: require('telescope._extensions.fzf')
019.253  000.066  000.066: require('telescope._extensions.ui-select')
019.941  000.033  000.033: require('plenary.tbl')
019.944  000.070  000.037: require('plenary.vararg.rotate')
019.944  000.146  000.077: require('plenary.vararg')
019.964  000.019  000.019: require('plenary.errors')
019.966  000.292  000.127: require('plenary.async.async')
020.074  000.024  000.024: require('plenary.async.structs')
020.092  000.084  000.060: require('plenary.async.control')
020.096  000.109  000.025: require('plenary.async.util')
020.098  000.130  000.021: require('plenary.async.tests')
020.099  000.715  000.293: require('plenary.async')
020.187  000.049  000.049: require('plenary.window.border')
020.225  000.037  000.037: require('plenary.window')
020.248  000.021  000.021: require('plenary.popup.utils')
020.250  000.150  000.042: require('plenary.popup')
020.406  000.029  000.029: require('telescope.pickers.scroller')
020.447  000.039  000.039: require('telescope.actions.state')
020.475  000.027  000.027: require('telescope.actions.utils')
020.533  000.027  000.027: require('telescope.actions.mt')
020.542  000.067  000.039: require('telescope.actions.set')
020.627  000.033  000.033: require('telescope.config.resolve')
020.628  000.086  000.052: require('telescope.pickers.entry_display')
020.653  000.024  000.024: require('telescope.from_entry')
020.746  000.495  000.224: require('telescope.actions')
020.781  000.033  000.033: require('telescope.debounce')
020.828  000.046  000.046: require('telescope.mappings')
020.879  000.023  000.023: require('vim.hl')
020.882  000.053  000.030: require('telescope.pickers.highlights')
020.907  000.024  000.024: require('telescope.pickers.window')
020.932  000.024  000.024: require('telescope.pickers.layout')
021.007  000.034  000.034: require('telescope.algos.linked_list')
021.009  000.077  000.042: require('telescope.entry_manager')
021.050  000.039  000.039: require('telescope.pickers.multi')
021.059  001.804  000.148: require('telescope.pickers')
021.166  000.077  000.077: require('telescope.make_entry')
021.196  000.028  000.028: require('telescope.finders.async_static_finder')
021.272  000.018  000.018: require('plenary.class')
021.279  000.055  000.038: require('telescope.async_job')
021.280  000.083  000.028: require('telescope.finders.async_oneshot_finder')
021.305  000.024  000.024: require('telescope.finders.async_job_finder')
021.307  000.247  000.034: require('telescope.finders')
021.338  000.026  000.026: require('vim.ui')
021.387  000.045  000.045: require('telescope.builtin')
021.890  000.031  000.031: require('fidget.spinner.patterns')
021.893  000.052  000.022: require('fidget.spinner')
021.952  000.038  000.038: require('fidget.health')
021.953  000.059  000.021: require('fidget.options')
021.957  000.192  000.080: require('fidget.progress.display')
022.034  000.048  000.048: require('fidget.logger')
022.830  000.611  000.611: require('vim.lsp.protocol')
022.854  000.723  000.112: require('vim.lsp.log')
023.069  000.212  000.212: require('vim.lsp.util')
023.274  000.088  000.088: require('vim.lsp.sync')
023.283  000.211  000.123: require('vim.lsp._changetracking')
023.437  000.079  000.079: require('vim.lsp._transport')
023.446  000.007  000.007: require('vim._core.stringbuffer')
023.455  000.170  000.084: require('vim.lsp.rpc')
023.518  001.482  000.166: require('vim.lsp')
023.831  000.201  000.201: require('vim.lsp.completion')
024.005  000.485  000.283: require('vim.lsp.handlers')
024.012  002.054  000.040: require('fidget.progress.lsp')
024.538  000.219  000.219: require('fidget.poll')
024.552  000.354  000.136: require('fidget.notification.model')
024.703  000.150  000.150: require('fidget.notification.window')
024.744  000.039  000.039: require('fidget.notification.view')
024.787  000.696  000.153: require('fidget.notification')
024.790  000.777  000.080: require('fidget.progress.handle')
024.795  003.077  000.054: require('fidget.progress')
024.852  000.056  000.056: require('fidget.commands')
024.903  000.028  000.028: require('fidget.integration.nvim-tree')
024.942  000.038  000.038: require('fidget.integration.xcodebuild-nvim')
024.944  000.090  000.024: require('fidget.integration')
024.947  003.325  000.102: require('fidget')
025.810  000.023  000.023: require('mason-core.path')
025.901  000.022  000.022: require('mason-core.functional.data')
025.929  000.026  000.026: require('mason-core.functional.function')
025.970  000.037  000.037: require('mason-core.functional.list')
026.020  000.025  000.025: require('mason-core.functional.relation')
026.045  000.022  000.022: require('mason-core.functional.logic')
026.068  000.021  000.021: require('mason-core.functional.number')
026.096  000.024  000.024: require('mason-core.functional.string')
026.121  000.022  000.022: require('mason-core.functional.table')
026.144  000.021  000.021: require('mason-core.functional.type')
026.145  000.297  000.077: require('mason-core.functional')
026.186  000.374  000.077: require('mason-core.platform')
026.240  000.053  000.053: require('mason.settings')
026.243  000.483  000.034: require('mason-core.installer.InstallLocation')
026.344  000.049  000.049: require('mason-core.log')
026.347  000.072  000.023: require('mason-core.EventEmitter')
026.433  000.085  000.085: require('mason-registry.sources')
026.480  000.236  000.078: require('mason-registry')
026.483  000.838  000.119: require('mason')
026.723  000.073  000.073: require('mason.api.command')
026.788  000.020  000.020: require('mason.version')
026.793  000.063  000.043: require('mason-tool-installer')
026.865  000.021  000.021: require('mason-lspconfig.settings')
026.867  000.052  000.030: require('mason-lspconfig')
027.648  000.110  000.110: require('conform')
028.144  000.021  000.021: require('luasnip.util.types')
028.184  000.036  000.036: require('luasnip.util.lazy_table')
028.215  000.029  000.029: require('luasnip.extras.filetype_functions')
028.219  000.131  000.045: require('luasnip.default_config')
028.221  000.160  000.029: require('luasnip.session')
029.093  000.871  000.871: require('luasnip.util.vimversion')
029.100  001.079  000.048: require('luasnip.util.util')
029.286  000.039  000.039: require('luasnip.util.str')
029.315  000.027  000.027: require('luasnip.util.table')
029.348  000.032  000.032: require('luasnip.util.ext_opts')
029.373  000.023  000.023: require('luasnip.nodes.key_indexer')
029.421  000.047  000.047: require('luasnip.util.feedkeys')
029.494  000.071  000.071: require('luasnip.nodes.util.snippet_string')
029.504  000.402  000.162: require('luasnip.nodes.util')
029.588  000.031  000.031: require('luasnip.session.snippet_collection.source')
029.617  000.027  000.027: require('luasnip.util.auto_table')
029.622  000.116  000.059: require('luasnip.session.snippet_collection')
029.716  000.028  000.028: require('luasnip.util.select')
029.764  000.047  000.047: require('luasnip.util.time')
030.043  000.391  000.316: require('luasnip.util._builtin_vars')
030.077  000.454  000.063: require('luasnip.util.environ')
030.117  000.038  000.038: require('luasnip.util.extend_decorator')
030.219  000.050  000.050: require('luasnip.util.path')
030.330  000.067  000.067: require('luasnip.util.log')
030.334  000.113  000.046: require('luasnip.loaders.util')
030.362  000.027  000.027: require('luasnip.loaders.data')
030.429  000.066  000.066: require('luasnip.loaders.fs_watchers')
030.433  000.315  000.058: require('luasnip.loaders')
030.479  000.031  000.031: require('luasnip.config')
030.481  002.614  000.179: require('luasnip')
031.114  000.098  000.098: require('blink.cmp')
031.194  000.031  000.031: require('blink.cmp.config.utils')
031.222  000.026  000.026: require('blink.cmp.config.keymap')
031.276  000.025  000.025: require('blink.cmp.config.completion.keyword')
031.307  000.029  000.029: require('blink.cmp.config.completion.trigger')
031.334  000.026  000.026: require('blink.cmp.config.completion.list')
031.364  000.029  000.029: require('blink.cmp.config.completion.accept')
031.412  000.048  000.048: require('blink.cmp.config.completion.menu')
031.446  000.033  000.033: require('blink.cmp.config.completion.documentation')
031.471  000.024  000.024: require('blink.cmp.config.completion.ghost_text')
031.472  000.249  000.036: require('blink.cmp.config.completion')
031.509  000.036  000.036: require('blink.cmp.config.fuzzy')
031.545  000.035  000.035: require('blink.cmp.config.sources')
031.577  000.031  000.031: require('blink.cmp.config.signature')
031.611  000.033  000.033: require('blink.cmp.config.snippets')
031.641  000.029  000.029: require('blink.cmp.config.appearance')
031.668  000.026  000.026: require('blink.cmp.config.modes.cmdline')
031.694  000.025  000.025: require('blink.cmp.config.modes.term')
031.697  000.579  000.058: require('blink.cmp.config')
032.391  000.053  000.053: require('blink.cmp.config.modes.types')
032.700  000.090  000.090: require('blink.cmp.lib.async')
032.924  000.074  000.074: require('blink.cmp.lib.utils')
032.978  000.052  000.052: require('blink.cmp.fuzzy.download.system')
033.046  000.304  000.178: require('blink.cmp.fuzzy.download.files')
033.048  000.345  000.041: require('blink.cmp.fuzzy.download.git')
033.050  000.512  000.077: require('blink.cmp.fuzzy.download')
033.367  000.104  000.104: require('nvim-treesitter')
033.559  000.113  000.113: require('nvim-treesitter.async')
033.627  000.066  000.066: require('nvim-treesitter.config')
033.685  000.056  000.056: require('nvim-treesitter.log')
034.364  000.678  000.678: require('nvim-treesitter.parsers')
034.406  000.040  000.040: require('nvim-treesitter.util')
034.418  001.049  000.095: require('nvim-treesitter.install')
034.808  000.388  000.388: require('nvim-treesitter.parsers')
036.945  000.442  000.442: require('dap.utils')
037.140  001.257  000.815: require('dap')
037.440  000.062  000.062: require('nio.tasks')
037.467  000.025  000.025: require('nio.control')
037.552  000.084  000.084: require('nio.uv')
037.580  000.026  000.026: require('nio.tests')
037.603  000.022  000.022: require('nio.ui')
037.647  000.023  000.023: require('nio.streams')
037.648  000.044  000.021: require('nio.file')
037.711  000.018  000.018: require('nio.util')
037.758  000.040  000.040: require('vim.iter')
037.775  000.104  000.046: require('nio.logger')
037.778  000.129  000.025: require('nio.lsp')
037.807  000.028  000.028: require('nio.process')
037.813  000.564  000.142: require('nio')
038.000  000.027  000.027: sourcing nvim_exec2() called at /home/nurtrantpoem19/.config/nvim/init.lua:0
038.003  000.058  000.032: require('dapui.config.highlights')
038.035  000.030  000.030: sourcing nvim_exec2() called at /home/nurtrantpoem19/.config/nvim/init.lua:0
038.062  000.187  000.098: require('dapui.config')
038.066  000.221  000.034: require('dapui.util')
038.099  000.033  000.033: require('dapui.windows.layout')
038.102  000.287  000.034: require('dapui.windows')
038.131  000.028  000.028: require('dapui.controls')
038.134  000.992  000.113: require('dapui')
038.172  000.037  000.037: require('mason-nvim-dap')
038.198  000.024  000.024: require('mason-nvim-dap.settings')
038.254  000.026  000.026: require('mason-core.optional')
038.281  000.026  000.026: require('mason-nvim-dap.mappings.source')
038.283  000.078  000.026: require('mason-nvim-dap.ensure_installed')
038.316  000.031  000.031: require('mason-core.async')
038.363  000.019  000.019: require('mason-core.async.uv')
038.368  000.051  000.032: require('mason-core.fs')
038.464  000.026  000.026: require('mason-core.result')
038.587  000.061  000.061: require('mason-core.process')
038.622  000.033  000.033: require('mason-core.spawn')
038.624  000.134  000.040: require('mason-core.installer.managers.powershell')
038.626  000.160  000.026: require('mason-core.fetch')
038.648  000.022  000.022: require('mason-core.providers')
038.773  000.049  000.049: require('mason-core.purl')
038.800  000.026  000.026: require('mason-core.async.control')
038.819  000.122  000.048: require('mason-core.package.AbstractPackage')
038.938  000.025  000.025: require('mason-core.installer.compiler.expr')
038.942  000.062  000.036: require('mason-core.installer.compiler.link')
039.059  000.020  000.020: require('mason-core.installer.context.InstallContextCwd')
039.081  000.022  000.022: require('mason-core.installer.context.InstallContextFs')
039.101  000.019  000.019: require('mason-core.installer.context.InstallContextSpawn')
039.127  000.024  000.024: require('mason-core.receipt')
039.175  000.165  000.080: require('mason-core.installer.context')
039.176  000.185  000.020: require('mason-core.installer')
039.184  000.220  000.036: require('mason-core.installer.managers.std')
039.185  000.243  000.022: require('mason-core.installer.compiler.schemas')
039.216  000.030  000.030: require('mason-core.installer.compiler.util')
039.221  000.371  000.036: require('mason-core.installer.compiler')
039.253  000.031  000.031: require('mason-core.installer.linker')
039.256  000.436  000.034: require('mason-core.installer.InstallRunner')
039.283  000.026  000.026: require('mason-core.installer.UninstallRunner')
039.287  000.617  000.033: require('mason-core.package')
039.288  000.639  000.022: require('mason-registry.sources.util')
039.292  000.885  000.038: require('mason-registry.sources.github')
039.344  000.025  000.025: require('mason-registry.sources.synthesized')
042.591  000.024  000.024: require('mason-nvim-dap.automatic_installation')
042.612  000.019  000.019: require('mason-core.notify')
042.672  000.027  000.027: require('dap.ext.vscode')
042.694  000.021  000.021: require('mason-nvim-dap.mappings.filetypes')
042.733  000.034  000.034: require('mason-nvim-dap.api.command')
042.824  000.023  000.023: sourcing nvim_exec2() called at /home/nurtrantpoem19/.config/nvim/init.lua:0
042.947  000.030  000.030: require('dapui.client.types')
042.949  000.066  000.036: require('dapui.client')
042.975  000.025  000.025: require('dap.breakpoints')
043.000  000.020  000.020: require('dapui.client.lib')
043.049  000.025  000.025: require('dapui.render.canvas')
043.050  000.045  000.020: require('dapui.elements.breakpoints')
043.081  000.023  000.023: require('dapui.components.breakpoints')
043.109  000.018  000.018: require('dapui.elements.repl')
043.128  000.018  000.018: require('dapui.elements.scopes')
043.159  000.024  000.024: require('dapui.components.scopes')
043.185  000.025  000.025: require('dapui.components.variables')
043.227  000.022  000.022: require('dapui.elements.stacks')
043.294  000.025  000.025: require('dapui.components.frames')
043.295  000.061  000.036: require('dapui.components.threads')
043.324  000.021  000.021: require('dapui.elements.watches')
043.376  000.027  000.027: require('dapui.components.watches')
043.404  000.021  000.021: require('dapui.elements.hover')
043.434  000.023  000.023: require('dapui.components.hover')
043.459  000.022  000.022: require('dapui.elements.console')
043.576  000.039  000.039: require('dap-go-ts')
043.583  000.083  000.044: require('dap-go')
043.593  008.596  004.523: require('kickstart.plugins.debug')
043.971  000.041  000.041: require('ibl.utils')
043.975  000.072  000.032: require('ibl.config')
044.017  000.019  000.019: require('ibl.indent')
044.020  000.044  000.026: require('ibl.hooks')
044.021  000.140  000.023: require('ibl.highlights')
044.041  000.019  000.019: require('ibl.autocmds')
044.063  000.021  000.021: require('ibl.inlay_hints')
044.087  000.024  000.024: require('ibl.virt_text')
044.240  000.131  000.131: require('ibl.scope_languages')
044.242  000.154  000.023: require('ibl.scope')
044.246  000.422  000.065: require('ibl')
044.334  000.740  000.318: require('kickstart.plugins.indent_line')
044.707  000.143  000.143: require('lint')
044.717  000.381  000.239: require('kickstart.plugins.lint')
045.137  000.022  000.022: require('nvim-autopairs._log')
045.176  000.037  000.037: require('nvim-autopairs.utils')
045.179  000.098  000.039: require('nvim-autopairs.conds')
045.184  000.130  000.032: require('nvim-autopairs.rule')
045.185  000.165  000.035: require('nvim-autopairs.rules.basic')
045.190  000.270  000.105: require('nvim-autopairs')
045.232  000.035  000.035: require('nvim-autopairs.fastwrap')
045.717  000.027  000.027: require('vim.treesitter.language')
045.739  000.020  000.020: require('vim.func')
045.764  000.024  000.024: require('vim.treesitter._range')
045.790  000.023  000.023: require('vim.func._memoize')
045.808  000.262  000.168: require('vim.treesitter.query')
045.817  000.329  000.067: require('vim.treesitter.languagetree')
045.821  000.371  000.042: require('vim.treesitter')
045.824  000.403  000.032: require('nvim-autopairs.ts-conds')
045.825  000.432  000.029: require('nvim-autopairs.rules.ts_basic')
045.878  000.051  000.051: require('vim.treesitter.highlighter')
046.200  001.482  000.692: require('kickstart.plugins.autopairs')
046.639  000.075  000.075: require('neo-tree')
046.717  000.075  000.075: require('neo-tree.log')
046.727  000.525  000.375: require('kickstart.plugins.neo-tree')
046.800  000.072  000.072: require('kickstart.plugins.gitsigns')
047.949  000.897  000.897: require('gruvbox')
049.940  001.812  001.812: sourcing /home/nurtrantpoem19/.local/share/nvim/site/pack/core/opt/gruvbox.nvim/colors/gruvbox.lua
050.110  000.018  000.018: sourcing nvim_exec2() called at ColorScheme Autocommands for "*":0
050.175  002.095  000.265: sourcing nvim_exec2() called at /home/nurtrantpoem19/.config/nvim/init.lua:0
050.178  003.330  000.337: require('custom.plugins.gruvbox')
050.409  000.228  000.228: require('custom.plugins.multicursors')
050.488  003.687  000.129: require('custom.plugins')
050.489  046.501  010.471: sourcing /home/nurtrantpoem19/.config/nvim/init.lua
050.494  000.372: sourcing vimrc file(s)
050.798  000.115  000.115: sourcing nvim_exec2() called at /snap/nvim/4795/usr/share/nvim/runtime/filetype.lua:0
050.800  000.163  000.048: sourcing /snap/nvim/4795/usr/share/nvim/runtime/filetype.lua
050.964  000.043  000.043: sourcing /snap/nvim/4795/usr/share/nvim/runtime/syntax/synload.vim
051.016  000.188  000.145: sourcing /snap/nvim/4795/usr/share/nvim/runtime/syntax/syntax.vim
051.227  000.062  000.062: sourcing /home/nurtrantpoem19/.local/share/nvim/site/pack/core/opt/neo-tree.nvim/plugin/neo-tree.lua
051.367  000.072  000.072: sourcing /home/nurtrantpoem19/.local/share/nvim/site/pack/core/opt/nvim-dap/plugin/dap.lua
051.548  000.118  000.118: sourcing /home/nurtrantpoem19/.local/share/nvim/site/pack/core/opt/nvim-treesitter/plugin/filetypes.lua
051.624  000.061  000.061: sourcing /home/nurtrantpoem19/.local/share/nvim/site/pack/core/opt/nvim-treesitter/plugin/nvim-treesitter.lua
051.668  000.030  000.030: sourcing /home/nurtrantpoem19/.local/share/nvim/site/pack/core/opt/nvim-treesitter/plugin/query_predicates.lua
051.870  000.046  000.046: require('blink.cmp.lib.event_emitter')
051.876  000.117  000.071: require('blink.cmp.sources.lib')
051.889  000.180  000.063: sourcing /home/nurtrantpoem19/.local/share/nvim/site/pack/core/opt/blink.cmp/plugin/blink-cmp.lua
051.957  000.015  000.015: sourcing /home/nurtrantpoem19/.local/share/nvim/site/pack/core/opt/LuaSnip/plugin/luasnip.vim
053.301  001.287  001.287: require('vim.filetype')
053.416  001.446  000.159: sourcing /home/nurtrantpoem19/.local/share/nvim/site/pack/core/opt/LuaSnip/plugin/luasnip.lua
053.504  000.036  000.036: sourcing /home/nurtrantpoem19/.local/share/nvim/site/pack/core/opt/conform.nvim/plugin/conform.lua
053.585  000.039  000.039: sourcing /home/nurtrantpoem19/.local/share/nvim/site/pack/core/opt/mason-tool-installer.nvim/plugin/mason-tool-installer.lua
053.679  000.047  000.047: sourcing /home/nurtrantpoem19/.local/share/nvim/site/pack/core/opt/nvim-lspconfig/plugin/lspconfig.lua
053.880  000.151  000.151: sourcing /home/nurtrantpoem19/.local/share/nvim/site/pack/core/opt/telescope.nvim/plugin/telescope.lua
053.944  000.019  000.019: sourcing /home/nurtrantpoem19/.local/share/nvim/site/pack/core/opt/plenary.nvim/plugin/plenary.vim
053.998  000.012  000.012: sourcing /home/nurtrantpoem19/.local/share/nvim/site/pack/core/opt/todo-comments.nvim/plugin/todo.vim
054.085  000.030  000.030: sourcing /home/nurtrantpoem19/.local/share/nvim/site/pack/core/opt/which-key.nvim/plugin/which-key.lua
054.166  000.044  000.044: sourcing /home/nurtrantpoem19/.local/share/nvim/site/pack/core/opt/gitsigns.nvim/plugin/gitsigns.lua
054.230  000.021  000.021: sourcing /home/nurtrantpoem19/.local/share/nvim/site/pack/core/opt/nvim-web-devicons/plugin/nvim-web-devicons.vim
054.526  000.102  000.102: sourcing /snap/nvim/4795/usr/share/nvim/runtime/plugin/gzip.vim
055.074  000.154  000.154: sourcing /snap/nvim/4795/usr/share/nvim/runtime/pack/dist/opt/matchit/plugin/matchit.vim
055.110  000.572  000.418: sourcing /snap/nvim/4795/usr/share/nvim/runtime/plugin/matchit.vim
055.218  000.095  000.095: sourcing /snap/nvim/4795/usr/share/nvim/runtime/plugin/matchparen.vim
055.673  000.121  000.121: sourcing /snap/nvim/4795/usr/share/nvim/runtime/pack/dist/opt/netrw/plugin/netrwPlugin.vim
055.701  000.472  000.351: sourcing /snap/nvim/4795/usr/share/nvim/runtime/plugin/netrwPlugin.vim
055.792  000.078  000.078: sourcing /snap/nvim/4795/usr/share/nvim/runtime/plugin/rplugin.vim
055.855  000.050  000.050: sourcing /snap/nvim/4795/usr/share/nvim/runtime/plugin/tarPlugin.vim
055.876  000.009  000.009: sourcing /snap/nvim/4795/usr/share/nvim/runtime/plugin/tutor.vim
055.951  000.063  000.063: sourcing /snap/nvim/4795/usr/share/nvim/runtime/plugin/zipPlugin.vim
056.005  000.041  000.041: sourcing /snap/nvim/4795/usr/share/nvim/runtime/plugin/editorconfig.lua
056.053  000.036  000.036: sourcing /snap/nvim/4795/usr/share/nvim/runtime/plugin/man.lua
056.111  000.046  000.046: sourcing /snap/nvim/4795/usr/share/nvim/runtime/plugin/net.lua
056.162  000.039  000.039: sourcing /snap/nvim/4795/usr/share/nvim/runtime/plugin/osc52.lua
056.248  000.057  000.057: sourcing /snap/nvim/4795/usr/share/nvim/runtime/plugin/shada.lua
056.301  000.037  000.037: sourcing /snap/nvim/4795/usr/share/nvim/runtime/plugin/spellfile.lua
056.310  001.382: loading rtp plugins
056.392  000.082: loading packages
056.482  000.049  000.049: sourcing /home/nurtrantpoem19/.local/share/nvim/site/pack/core/opt/indent-blankline.nvim/after/plugin/commands.lua
056.490  000.049: loading after plugins
056.497  000.007: inits 3
057.699  001.201: reading ShaDa
058.048  000.081  000.081: require('luasnip.util.directed_graph')
058.271  000.221  000.221: require('luasnip.session.enqueueable_operations')
058.290  000.407  000.105: require('luasnip.loaders.from_lua')
059.591  000.278  000.278: require('luasnip.util.events')
059.687  000.094  000.094: require('luasnip.nodes.optional_arg')
059.730  000.850  000.478: require('luasnip.nodes.node')
060.170  000.440  000.440: require('luasnip.nodes.insertNode')
060.307  000.135  000.135: require('luasnip.nodes.textNode')
060.484  000.175  000.175: require('luasnip.util.mark')
060.593  000.108  000.108: require('luasnip.util.pattern_tokenizer')
060.681  000.087  000.087: require('luasnip.util.dict')
060.990  000.005  000.005: require('jsregexp.core')
060.993  000.044  000.039: require('luasnip-jsregexp')
061.001  000.243  000.199: require('luasnip.util.jsregexp')
061.004  000.321  000.078: require('luasnip.nodes.util.trig_engines')
061.025  002.350  000.235: require('luasnip.nodes.snippet')
061.028  002.425  000.075: require('luasnip.nodes.duplicate')
061.029  002.604  000.179: require('luasnip.loaders.snippet_cache')
061.034  002.740  000.136: require('luasnip.loaders.from_snipmate')
061.198  000.027  000.027: require('luasnip.util.parser.neovim_ast')
061.203  000.066  000.039: require('luasnip.util.parser.ast_utils')
061.239  000.036  000.036: require('luasnip.nodes.functionNode')
061.344  000.104  000.104: require('luasnip.nodes.choiceNode')
061.396  000.050  000.050: require('luasnip.nodes.dynamicNode')
061.430  000.032  000.032: require('luasnip.util.functions')
061.433  000.326  000.037: require('luasnip.util.parser.ast_parser')
061.490  000.055  000.055: require('luasnip.util.parser.neovim_parser')
061.493  000.413  000.032: require('luasnip.util.parser')
061.521  000.026  000.026: require('luasnip.nodes.snippetProxy')
061.633  000.110  000.110: require('luasnip.util.jsonc')
061.640  000.603  000.054: require('luasnip.loaders.from_vscode')
061.667  000.218: opening buffers
061.743  000.076: BufEnter autocommands
061.745  000.002: editing files in windows
061.848  000.103: VimEnter autocommands
061.866  000.018: UIEnter autocommands
061.867  000.001: before starting main loop
062.058  000.191: first screen update
062.059  000.001: --- NVIM STARTED ---

